// Jest Snapshot v1, https://goo.gl/fbAQLP

exports[`bar page should render 1`] = `
<div>
  <h2>
    This is Bar page.
  </h2>
  <p>
    Pathname: 
    /mockURL
  </p>
  <ul>
    <li>
      <a
        href="/mockURL/.."
        style="color: red; text-decoration: underline;"
      >
        return to one level above page
      </a>
    </li>
    <li>
      <a
        href="/mockURL/async/hello"
        style="color: red; text-decoration: underline;"
      >
        to asynchronous [slug] page
      </a>
    </li>
    <li>
      <a
        href="/mockURL/sync/hello"
        style="color: red; text-decoration: underline;"
      >
        to synchronous [slug] page
      </a>
    </li>
  </ul>
  <br />
</div>
`;
