// Jest Snapshot v1, https://goo.gl/fbAQLP

exports[`foo page should render 1`] = `
<div>
  <h2>
    This is Foo page.
  </h2>
  <p>
    Pathname: 
    /mockURL
  </p>
  <br />
  <br />
  <br />
  <a
    href="/mockURL/bar"
    style="color: red; text-decoration: underline;"
  >
    to Bar page
  </a>
</div>
`;
